###############################################################################
#                                                                             #
# IAR C/C++ Compiler V8.30.1.41636 for 8051             09/Jun/2015  22:15:20 #
# Copyright 2004-2013 IAR Systems AB.                                         #
# Standalone license - IAR Embedded Workbench for 8051 8.30                   #
#                                                                             #
#    Core               =  plain                                              #
#    Code model         =  banked                                             #
#    Data model         =  large                                              #
#    Calling convention =  xdata reentrant                                    #
#    Constant location  =  data_rom                                           #
#    Dptr setup         =  1,16                                               #
#                                                                             #
#    Source file        =  C:\Texas Instruments\ZStack-CC2530-2.5.1a\Projects #
#                          \zstack\Samples\GenericApp\Source\GenericApp.c     #
#    Command line       =  -f "C:\Texas Instruments\ZStack-CC2530-2.5.1a\Proj #
#                          ects\zstack\Samples\GenericApp\CC2530DB\..\..\..\T #
#                          ools\CC2530DB\f8wEndev.cfg" (-DCPU32MHZ            #
#                          -DROOT=__near_func -DMAC_CFG_TX_DATA_MAX=3         #
#                          -DMAC_CFG_TX_MAX=6 -DMAC_CFG_RX_MAX=3) -f          #
#                          "C:\Texas Instruments\ZStack-CC2530-2.5.1a\Project #
#                          s\zstack\Samples\GenericApp\CC2530DB\..\..\..\Tool #
#                          s\CC2530DB\f8wConfig.cfg" (-DZIGBEEPRO -DSECURE=0  #
#                          -DZG_SECURE_DYNAMIC=0 -DREFLECTOR                  #
#                          -DDEFAULT_CHANLIST=0x00000800                      #
#                          -DZDAPP_CONFIG_PAN_ID=0xFFFF                       #
#                          -DNWK_START_DELAY=100 -DEXTENDED_JOINING_RANDOM_MA #
#                          SK=0x007F -DBEACON_REQUEST_DELAY=100               #
#                          -DBEACON_REQ_DELAY_MASK=0x00FF                     #
#                          -DLINK_STATUS_JITTER_MASK=0x007F                   #
#                          -DROUTE_EXPIRY_TIME=30 -DAPSC_ACK_WAIT_DURATION_PO #
#                          LLED=3000 -DNWK_INDIRECT_MSG_TIMEOUT=7             #
#                          -DMAX_RREQ_ENTRIES=8 -DAPSC_MAX_FRAME_RETRIES=3    #
#                          -DNWK_MAX_DATA_RETRIES=2                           #
#                          -DMAX_POLL_FAILURE_RETRIES=2 -DMAX_BCAST=9         #
#                          -DAPS_MAX_GROUPS=16 -DMAX_RTG_ENTRIES=40           #
#                          -DNWK_MAX_BINDING_ENTRIES=4                        #
#                          -DMAX_BINDING_CLUSTER_IDS=4 "-DDEFAULT_KEY={0x01,  #
#                          0x03, 0x05, 0x07, 0x09, 0x0B, 0x0D, 0x0F, 0x00,    #
#                          0x02, 0x04, 0x06, 0x08, 0x0A, 0x0C, 0x0D}"         #
#                          -DMAC_MAX_FRAME_SIZE=116                           #
#                          -DZDNWKMGR_MIN_TRANSMISSIONS=20 "-DCONST=const     #
#                          __code" -DGENERIC=__generic                        #
#                          -DRFD_RCVC_ALWAYS_ON=FALSE -DPOLL_RATE=0           #
#                          -DQUEUED_POLL_RATE=100 -DRESPONSE_POLL_RATE=100)   #
#                          -DREJOIN_POLL_RATE=440 "C:\Texas                   #
#                          Instruments\ZStack-CC2530-2.5.1a\Projects\zstack\S #
#                          amples\GenericApp\Source\GenericApp.c" -D          #
#                          NWK_AUTO_POLL -D ZTOOL_P1 -D MT_TASK -D            #
#                          MT_SYS_FUNC -D MT_ZDO_FUNC -D LCD_SUPPORTED=DEBUG  #
#                          -D xPOWER_SAVING -D ENDDEVICE -lC "C:\Texas        #
#                          Instruments\ZStack-CC2530-2.5.1a\Projects\zstack\S #
#                          amples\GenericApp\CC2530DB\EndDeviceEB\List\" -lA  #
#                          "C:\Texas Instruments\ZStack-CC2530-2.5.1a\Project #
#                          s\zstack\Samples\GenericApp\CC2530DB\EndDeviceEB\L #
#                          ist\" --diag_suppress Pe001,Pa010 -o "C:\Texas     #
#                          Instruments\ZStack-CC2530-2.5.1a\Projects\zstack\S #
#                          amples\GenericApp\CC2530DB\EndDeviceEB\Obj\" -e    #
#                          --no_code_motion --debug --core=plain --dptr=16,1  #
#                          --data_model=large --code_model=banked             #
#                          --calling_convention=xdata_reentrant               #
#                          --place_constants=data_rom --nr_virtual_regs 8 -I  #
#                          "C:\Texas Instruments\ZStack-CC2530-2.5.1a\Project #
#                          s\zstack\Samples\GenericApp\CC2530DB\" -I          #
#                          "C:\Texas Instruments\ZStack-CC2530-2.5.1a\Project #
#                          s\zstack\Samples\GenericApp\CC2530DB\..\Source\"   #
#                          -I "C:\Texas Instruments\ZStack-CC2530-2.5.1a\Proj #
#                          ects\zstack\Samples\GenericApp\CC2530DB\..\..\..\Z #
#                          Main\TI2530DB\" -I "C:\Texas                       #
#                          Instruments\ZStack-CC2530-2.5.1a\Projects\zstack\S #
#                          amples\GenericApp\CC2530DB\..\..\..\..\..\Componen #
#                          ts\hal\include\" -I "C:\Texas                      #
#                          Instruments\ZStack-CC2530-2.5.1a\Projects\zstack\S #
#                          amples\GenericApp\CC2530DB\..\..\..\..\..\Componen #
#                          ts\hal\target\CC2530EB\" -I "C:\Texas              #
#                          Instruments\ZStack-CC2530-2.5.1a\Projects\zstack\S #
#                          amples\GenericApp\CC2530DB\..\..\..\..\..\Componen #
#                          ts\mac\include\" -I "C:\Texas                      #
#                          Instruments\ZStack-CC2530-2.5.1a\Projects\zstack\S #
#                          amples\GenericApp\CC2530DB\..\..\..\..\..\Componen #
#                          ts\mac\high_level\" -I "C:\Texas                   #
#                          Instruments\ZStack-CC2530-2.5.1a\Projects\zstack\S #
#                          amples\GenericApp\CC2530DB\..\..\..\..\..\Componen #
#                          ts\mac\low_level\srf04\" -I "C:\Texas              #
#                          Instruments\ZStack-CC2530-2.5.1a\Projects\zstack\S #
#                          amples\GenericApp\CC2530DB\..\..\..\..\..\Componen #
#                          ts\mac\low_level\srf04\single_chip\" -I "C:\Texas  #
#                          Instruments\ZStack-CC2530-2.5.1a\Projects\zstack\S #
#                          amples\GenericApp\CC2530DB\..\..\..\..\..\Componen #
#                          ts\mt\" -I "C:\Texas Instruments\ZStack-CC2530-2.5 #
#                          .1a\Projects\zstack\Samples\GenericApp\CC2530DB\.. #
#                          \..\..\..\..\Components\osal\include\" -I          #
#                          "C:\Texas Instruments\ZStack-CC2530-2.5.1a\Project #
#                          s\zstack\Samples\GenericApp\CC2530DB\..\..\..\..\. #
#                          .\Components\services\saddr\" -I "C:\Texas         #
#                          Instruments\ZStack-CC2530-2.5.1a\Projects\zstack\S #
#                          amples\GenericApp\CC2530DB\..\..\..\..\..\Componen #
#                          ts\services\sdata\" -I "C:\Texas                   #
#                          Instruments\ZStack-CC2530-2.5.1a\Projects\zstack\S #
#                          amples\GenericApp\CC2530DB\..\..\..\..\..\Componen #
#                          ts\stack\af\" -I "C:\Texas                         #
#                          Instruments\ZStack-CC2530-2.5.1a\Projects\zstack\S #
#                          amples\GenericApp\CC2530DB\..\..\..\..\..\Componen #
#                          ts\stack\nwk\" -I "C:\Texas                        #
#                          Instruments\ZStack-CC2530-2.5.1a\Projects\zstack\S #
#                          amples\GenericApp\CC2530DB\..\..\..\..\..\Componen #
#                          ts\stack\sapi\" -I "C:\Texas                       #
#                          Instruments\ZStack-CC2530-2.5.1a\Projects\zstack\S #
#                          amples\GenericApp\CC2530DB\..\..\..\..\..\Componen #
#                          ts\stack\sec\" -I "C:\Texas                        #
#                          Instruments\ZStack-CC2530-2.5.1a\Projects\zstack\S #
#                          amples\GenericApp\CC2530DB\..\..\..\..\..\Componen #
#                          ts\stack\sys\" -I "C:\Texas                        #
#                          Instruments\ZStack-CC2530-2.5.1a\Projects\zstack\S #
#                          amples\GenericApp\CC2530DB\..\..\..\..\..\Componen #
#                          ts\stack\zdo\" -I "C:\Texas                        #
#                          Instruments\ZStack-CC2530-2.5.1a\Projects\zstack\S #
#                          amples\GenericApp\CC2530DB\..\..\..\..\..\Componen #
#                          ts\zmac\" -I "C:\Texas Instruments\ZStack-CC2530-2 #
#                          .5.1a\Projects\zstack\Samples\GenericApp\CC2530DB\ #
#                          ..\..\..\..\..\Components\zmac\f8w\" -Ohz          #
#                          --require_prototypes                               #
#    List file          =  C:\Texas Instruments\ZStack-CC2530-2.5.1a\Projects #
#                          \zstack\Samples\GenericApp\CC2530DB\EndDeviceEB\Li #
#                          st\GenericApp.lst                                  #
#    Object file        =  C:\Texas Instruments\ZStack-CC2530-2.5.1a\Projects #
#                          \zstack\Samples\GenericApp\CC2530DB\EndDeviceEB\Ob #
#                          j\GenericApp.r51                                   #
#                                                                             #
#                                                                             #
###############################################################################

C:\Texas Instruments\ZStack-CC2530-2.5.1a\Projects\zstack\Samples\GenericApp\Source\GenericApp.c
      1          /******************************************************************************
      2            Filename:       GenericApp.c
      3            Revised:        $Date: 2012-03-07 01:04:58 -0800 (Wed, 07 Mar 2012) $
      4            Revision:       $Revision: 29656 $
      5          
      6            Description:    Generic Application (no Profile).
      7          
      8          
      9            Copyright 2004-2012 Texas Instruments Incorporated. All rights reserved.
     10          
     11            IMPORTANT: Your use of this Software is limited to those specific rights
     12            granted under the terms of a software license agreement between the user
     13            who downloaded the software, his/her employer (which must be your employer)
     14            and Texas Instruments Incorporated (the "License"). You may not use this
     15            Software unless you agree to abide by the terms of the License. The License
     16            limits your use, and you acknowledge, that the Software may not be modified,
     17            copied or distributed unless embedded on a Texas Instruments microcontroller
     18            or used solely and exclusively in conjunction with a Texas Instruments radio
     19            frequency transceiver, which is integrated into your product. Other than for
     20            the foregoing purpose, you may not use, reproduce, copy, prepare derivative
     21            works of, modify, distribute, perform, display or sell this Software and/or
     22            its documentation for any purpose.
     23          
     24            YOU FURTHER ACKNOWLEDGE AND AGREE THAT THE SOFTWARE AND DOCUMENTATION ARE
     25            PROVIDED “AS IS” WITHOUT WARRANTY OF ANY KIND, EITHER EXPRESS OR IMPLIED,
     26            INCLUDING WITHOUT LIMITATION, ANY WARRANTY OF MERCHANTABILITY, TITLE,
     27            NON-INFRINGEMENT AND FITNESS FOR A PARTICULAR PURPOSE. IN NO EVENT SHALL
     28            TEXAS INSTRUMENTS OR ITS LICENSORS BE LIABLE OR OBLIGATED UNDER CONTRACT,
     29            NEGLIGENCE, STRICT LIABILITY, CONTRIBUTION, BREACH OF WARRANTY, OR OTHER
     30            LEGAL EQUITABLE THEORY ANY DIRECT OR INDIRECT DAMAGES OR EXPENSES
     31            INCLUDING BUT NOT LIMITED TO ANY INCIDENTAL, SPECIAL, INDIRECT, PUNITIVE
     32            OR CONSEQUENTIAL DAMAGES, LOST PROFITS OR LOST DATA, COST OF PROCUREMENT
     33            OF SUBSTITUTE GOODS, TECHNOLOGY, SERVICES, OR ANY CLAIMS BY THIRD PARTIES
     34            (INCLUDING BUT NOT LIMITED TO ANY DEFENSE THEREOF), OR OTHER SIMILAR COSTS.
     35          
     36            Should you have any questions regarding your right to use this Software,
     37            contact Texas Instruments Incorporated at www.TI.com.
     38          ******************************************************************************/
     39          
     40          /*********************************************************************
     41            This application isn't intended to do anything useful, it is
     42            intended to be a simple example of an application's structure.
     43          
     44            This application sends "Hello World" to another "Generic"
     45            application every 5 seconds.  The application will also
     46            receives "Hello World" packets.
     47          
     48            The "Hello World" messages are sent/received as MSG type message.
     49          
     50            This applications doesn't have a profile, so it handles everything
     51            directly - itself.
     52          
     53            Key control:
     54              SW1:
     55              SW2:  initiates end device binding
     56              SW3:
     57              SW4:  initiates a match description request
     58          *********************************************************************/
     59          
     60          /*********************************************************************
     61           * INCLUDES
     62           */
     63          #include "OSAL.h"
     64          #include "AF.h"
     65          #include "ZDApp.h"
     66          #include "ZDObject.h"
     67          #include "ZDProfile.h"
     68          
     69          #include "GenericApp.h"
     70          #include "DebugTrace.h"
     71          
     72          #if !defined( WIN32 )
     73            #include "OnBoard.h"
     74          #endif
     75          
     76          /* HAL */
     77          #include "hal_lcd.h"
     78          #include "hal_led.h"
     79          #include "hal_key.h"
     80          #include "hal_uart.h"
     81          
     82          /* RTOS */
     83          #if defined( IAR_ARMCM3_LM )
     84          #include "RTOS_App.h"
     85          #endif  
     86          
     87          /*********************************************************************
     88           * MACROS
     89           */
     90          
     91          /*********************************************************************
     92           * CONSTANTS
     93           */
     94          
     95          /*********************************************************************
     96           * TYPEDEFS
     97           */
     98          
     99          /*********************************************************************
    100           * GLOBAL VARIABLES
    101           */
    102          // This list should be filled with Application specific Cluster IDs.

   \                                 In  segment XDATA_ROM_C, align 1
    103          const cId_t GenericApp_ClusterList[GENERICAPP_MAX_CLUSTERS] =
   \                     GenericApp_ClusterList:
   \   000000   0100         DW 1
    104          {
    105            GENERICAPP_CLUSTERID
    106          };
    107          
    108          // This list is for our new timeout control cluster

   \                                 In  segment XDATA_ROM_C, align 1
    109          const cId_t GenericApp_ClusterCtrlList[GENERICAPP_MAX_CTRL_CLUSTERS] =
   \                     GenericApp_ClusterCtrlList:
   \   000000   0200         DW 2
    110          {
    111            GENERICAPP_TIMEOUT_CLUSTER
    112          };
    113          

   \                                 In  segment XDATA_ROM_C, align 1
    114          const SimpleDescriptionFormat_t GenericApp_SimpleDesc =
   \                     GenericApp_SimpleDesc:
   \   000000   0A           DB 10
   \   000001   040F         DW 3844
   \   000003   0100         DW 1
   \   000005   00           DB 0
   \   000006   01           DB 1
   \   000007   ....         DW GenericApp_ClusterList
   \   000009   01           DB 1
   \   00000A   ....         DW GenericApp_ClusterList
    115          {
    116            GENERICAPP_ENDPOINT,              //  int Endpoint;
    117            GENERICAPP_PROFID,                //  uint16 AppProfId[2];
    118            GENERICAPP_DEVICEID,              //  uint16 AppDeviceId[2];
    119            GENERICAPP_DEVICE_VERSION,        //  int   AppDevVer:4;
    120            GENERICAPP_FLAGS,                 //  int   AppFlags:4;
    121            GENERICAPP_MAX_CLUSTERS,          //  byte  AppNumInClusters;
    122            (cId_t *)GenericApp_ClusterList,  //  byte *pAppInClusterList;
    123            GENERICAPP_MAX_CLUSTERS,          //  byte  AppNumInClusters;
    124            (cId_t *)GenericApp_ClusterList   //  byte *pAppInClusterList;
    125          };
    126          
    127          // This is the Endpoint/Interface description.  It is defined here, but
    128          // filled-in in GenericApp_Init().  Another way to go would be to fill
    129          // in the structure here and make it a "const" (in code space).  The
    130          // way it's defined in this sample app it is define in RAM.

   \                                 In  segment XDATA_Z, align 1, keep-with-next
    131          endPointDesc_t GenericApp_epDesc;
   \                     GenericApp_epDesc:
   \   000000                DS 6
   \   000006                REQUIRE __INIT_XDATA_Z
    132          
    133          // Simple Descriptor for Control Clusters

   \                                 In  segment XDATA_ROM_C, align 1
    134          const SimpleDescriptionFormat_t GenericApp_SimpleCtrlDesc =
   \                     GenericApp_SimpleCtrlDesc:
   \   000000   55           DB 85
   \   000001   040F         DW 3844
   \   000003   0100         DW 1
   \   000005   00           DB 0
   \   000006   00           DB 0
   \   000007   0000         DW 0H
   \   000009   01           DB 1
   \   00000A   ....         DW GenericApp_ClusterCtrlList
    135          {
    136            GENERICAPP_CTRL_ENDPOINT,               //  int Endpoint;
    137            GENERICAPP_PROFID,                	  //  uint16 AppProfId[2];
    138            GENERICAPP_DEVICEID,             	  //  uint16 AppDeviceId[2];
    139            GENERICAPP_DEVICE_VERSION,       	  //  int   AppDevVer:4;
    140            GENERICAPP_FLAGS,                 	  //  int   AppFlags:4;
    141          #if !defined(COORDINATOR)                 //  Router and End Device
    142            0,                                      //  no input clusters
    143            (cId_t *) NULL,
    144            GENERICAPP_MAX_CTRL_CLUSTERS,           //  byte  AppNumOutClusters;
    145            (cId_t *)GenericApp_ClusterCtrlList,    //  byte *pAppOutClusterList;
    146          #endif
    147          #if defined(COORDINATOR)                  //  Coordinator
    148            GENERICAPP_MAX_CTRL_CLUSTERS,           //  byte  AppNumInClusters;
    149            (cId_t *)GenericApp_ClusterCtrlList,    //  byte *pAppInClusterList;
    150            0,                                      //  no output clusters
    151            (cId_t *) NULL,
    152          #endif
    153          };
    154          
    155          // Endpoint Descriptor for Control Clusters
    156          #if !defined(COORDINATOR)

   \                                 In  segment XDATA_Z, align 1, keep-with-next
    157          endPointDesc_t GenericApp_ctrlEpDesc;
   \                     GenericApp_ctrlEpDesc:
   \   000000                DS 6
   \   000006                REQUIRE __INIT_XDATA_Z
    158          #endif
    159          
    160          /*********************************************************************
    161           * EXTERNAL VARIABLES
    162           */
    163          
    164          /*********************************************************************
    165           * EXTERNAL FUNCTIONS
    166           */
    167          
    168          /*********************************************************************
    169           * LOCAL VARIABLES
    170           */

   \                                 In  segment XDATA_Z, align 1, keep-with-next
    171          byte GenericApp_TaskID;   // Task ID for internal task/event processing
   \                     GenericApp_TaskID:
   \   000000                DS 1
   \   000001                REQUIRE __INIT_XDATA_Z
    172                                    // This variable will be received when
    173                                    // GenericApp_Init() is called.

   \                                 In  segment XDATA_Z, align 1, keep-with-next
    174          devStates_t GenericApp_NwkState;
   \                     GenericApp_NwkState:
   \   000000                DS 1
   \   000001                REQUIRE __INIT_XDATA_Z
    175          
    176          

   \                                 In  segment XDATA_Z, align 1, keep-with-next
    177          byte GenericApp_TransID;  // This is the unique message ID (counter)
   \                     GenericApp_TransID:
   \   000000                DS 1
   \   000001                REQUIRE __INIT_XDATA_Z
    178          

   \                                 In  segment XDATA_Z, align 1, keep-with-next
    179          afAddrType_t GenericApp_DstAddr;
   \                     GenericApp_DstAddr:
   \   000000                DS 12
   \   00000C                REQUIRE __INIT_XDATA_Z
    180          

   \                                 In  segment XDATA_Z, align 1, keep-with-next
    181          uint16 count=0;
   \                     count:
   \   000000                DS 2
   \   000002                REQUIRE __INIT_XDATA_Z
    182          

   \                                 In  segment XDATA_Z, align 1, keep-with-next
    183          uint16 SendMsgTimeout;
   \                     SendMsgTimeout:
   \   000000                DS 2
   \   000002                REQUIRE __INIT_XDATA_Z
    184          
    185          /*********************************************************************
    186           * LOCAL FUNCTIONS
    187           */
    188          static void GenericApp_ProcessZDOMsgs( zdoIncomingMsg_t *inMsg );
    189          static void GenericApp_HandleKeys( byte shift, byte keys );
    190          static void GenericApp_MessageMSGCB( afIncomingMSGPacket_t *pckt );
    191          static void GenericApp_SendTheMessage( void );
    192          
    193          #if defined( IAR_ARMCM3_LM )
    194          static void GenericApp_ProcessRtosMessage( void );
    195          #endif
    196          
    197          /*********************************************************************
    198           * NETWORK LAYER CALLBACKS
    199           */
    200          
    201          /*********************************************************************
    202           * PUBLIC FUNCTIONS
    203           */
    204          
    205          /*********************************************************************
    206           * @fn      GenericApp_Init
    207           *
    208           * @brief   Initialization function for the Generic App Task.
    209           *          This is called during initialization and should contain
    210           *          any application specific initialization (ie. hardware
    211           *          initialization/setup, table initialization, power up
    212           *          notificaiton ... ).
    213           *
    214           * @param   task_id - the ID assigned by OSAL.  This ID should be
    215           *                    used to send messages and set timers.
    216           *
    217           * @return  none
    218           */

   \                                 In  segment BANKED_CODE, align 1, keep-with-next
    219          void GenericApp_Init( uint8 task_id )
   \                     GenericApp_Init:
    220          {
   \   000000   74F7         MOV     A,#-0x9
   \   000002   12....       LCALL   ?BANKED_ENTER_XDATA
   \   000005                ; Saved register size: 9
   \   000005                ; Auto size: 0
   \   000005   E9           MOV     A,R1
    221            GenericApp_TaskID = task_id;
   \   000006   90....       MOV     DPTR,#GenericApp_TaskID
   \   000009   F0           MOVX    @DPTR,A
    222            GenericApp_NwkState = DEV_INIT;
   \   00000A   90....       MOV     DPTR,#GenericApp_NwkState
   \   00000D   7401         MOV     A,#0x1
   \   00000F   F0           MOVX    @DPTR,A
    223            GenericApp_TransID = 0;
   \   000010   90....       MOV     DPTR,#GenericApp_TransID
   \   000013   E4           CLR     A
   \   000014   F0           MOVX    @DPTR,A
    224            
    225            SendMsgTimeout = SEND_MSG_TIMEOUT_DEFAULT;
   \   000015   90....       MOV     DPTR,#SendMsgTimeout
   \   000018   7488         MOV     A,#-0x78
   \   00001A   F0           MOVX    @DPTR,A
   \   00001B   A3           INC     DPTR
   \   00001C   7413         MOV     A,#0x13
   \   00001E   F0           MOVX    @DPTR,A
    226          
    227            // Device hardware initialization can be added here or in main() (Zmain.c).
    228            // If the hardware is application specific - add it here.
    229            // If the hardware is other parts of the device add it in main().
    230          
    231            GenericApp_DstAddr.addrMode = (afAddrMode_t)AddrNotPresent;
   \   00001F   90....       MOV     DPTR,#GenericApp_DstAddr + 8
   \   000022   E4           CLR     A
   \   000023   F0           MOVX    @DPTR,A
    232            GenericApp_DstAddr.endPoint = 0;
   \   000024   A3           INC     DPTR
   \   000025   F0           MOVX    @DPTR,A
    233            GenericApp_DstAddr.addr.shortAddr = 0;
   \   000026   90....       MOV     DPTR,#GenericApp_DstAddr
   \   000029   F0           MOVX    @DPTR,A
   \   00002A   A3           INC     DPTR
   \   00002B   F0           MOVX    @DPTR,A
    234          
    235            // Fill out the endpoint description.
    236            GenericApp_epDesc.endPoint = GENERICAPP_ENDPOINT;
   \   00002C   90....       MOV     DPTR,#GenericApp_epDesc
   \   00002F   740A         MOV     A,#0xa
   \   000031   12....       LCALL   ?Subroutine1 & 0xFFFF
    237            GenericApp_epDesc.task_id = &GenericApp_TaskID;
    238            GenericApp_epDesc.simpleDesc
    239                      = (SimpleDescriptionFormat_t *)&GenericApp_SimpleDesc;
   \                     ??CrossCallReturnLabel_2:
   \   000034   74..         MOV     A,#GenericApp_SimpleDesc & 0xff
   \   000036   F0           MOVX    @DPTR,A
   \   000037   A3           INC     DPTR
   \   000038   74..         MOV     A,#(GenericApp_SimpleDesc >> 8) & 0xff
   \   00003A   F0           MOVX    @DPTR,A
    240            GenericApp_epDesc.latencyReq = noLatencyReqs;
   \   00003B   A3           INC     DPTR
   \   00003C   E4           CLR     A
   \   00003D   F0           MOVX    @DPTR,A
    241          
    242            // Register the endpoint description with the AF
    243            afRegister( &GenericApp_epDesc );
   \   00003E                ; Setup parameters for call to function afRegister
   \   00003E   7A..         MOV     R2,#GenericApp_epDesc & 0xff
   \   000040   7B..         MOV     R3,#(GenericApp_epDesc >> 8) & 0xff
   \   000042   12....       LCALL   ??afRegister?relay   ; Banked call to: afRegister
    244          
    245            // Register for all key events - This app will handle all key events
    246            RegisterForKeys( GenericApp_TaskID );
   \   000045                ; Setup parameters for call to function RegisterForKeys
   \   000045   90....       MOV     DPTR,#GenericApp_TaskID
   \   000048   E0           MOVX    A,@DPTR
   \   000049   F9           MOV     R1,A
   \   00004A   12....       LCALL   ??RegisterForKeys?relay; Banked call to: RegisterForKeys
    247          
    248            // Update the display
    249          #if defined ( LCD_SUPPORTED )
    250            HalLcdWriteString( "GenericApp", HAL_LCD_LINE_1 );
   \   00004D                ; Setup parameters for call to function HalLcdWriteString
   \   00004D   7901         MOV     R1,#0x1
   \   00004F   7A..         MOV     R2,#`?<Constant "GenericApp">` & 0xff
   \   000051   7B..         MOV     R3,#(`?<Constant "GenericApp">` >> 8) & 0xff
   \   000053   12....       LCALL   ??HalLcdWriteString?relay; Banked call to: HalLcdWriteString
    251          #endif
    252          
    253            ZDO_RegisterForZDOMsg( GenericApp_TaskID, End_Device_Bind_rsp );
   \   000056                ; Setup parameters for call to function ZDO_RegisterForZDOMsg
   \   000056   7A20         MOV     R2,#0x20
   \   000058   7B80         MOV     R3,#-0x80
   \   00005A   90....       MOV     DPTR,#GenericApp_TaskID
   \   00005D   E0           MOVX    A,@DPTR
   \   00005E   F9           MOV     R1,A
   \   00005F   12....       LCALL   ??ZDO_RegisterForZDOMsg?relay; Banked call to: ZDO_RegisterForZDOMsg
    254            ZDO_RegisterForZDOMsg( GenericApp_TaskID, Match_Desc_rsp );
   \   000062                ; Setup parameters for call to function ZDO_RegisterForZDOMsg
   \   000062   7A06         MOV     R2,#0x6
   \   000064   7B80         MOV     R3,#-0x80
   \   000066   90....       MOV     DPTR,#GenericApp_TaskID
   \   000069   E0           MOVX    A,@DPTR
   \   00006A   F9           MOV     R1,A
   \   00006B   12....       LCALL   ??ZDO_RegisterForZDOMsg?relay; Banked call to: ZDO_RegisterForZDOMsg
    255            
    256            // populate and register the new control descriptors with the AF
    257          #if !defined(COORDINATOR)
    258            GenericApp_ctrlEpDesc.endPoint = GENERICAPP_CTRL_ENDPOINT;
   \   00006E   90....       MOV     DPTR,#GenericApp_ctrlEpDesc
   \   000071   7455         MOV     A,#0x55
   \   000073   12....       LCALL   ?Subroutine1 & 0xFFFF
    259            GenericApp_ctrlEpDesc.task_id = & GenericApp_TaskID;
    260            GenericApp_ctrlEpDesc.simpleDesc
    261                      = (SimpleDescriptionFormat_t *)& GenericApp_SimpleCtrlDesc;
   \                     ??CrossCallReturnLabel_3:
   \   000076   74..         MOV     A,#GenericApp_SimpleCtrlDesc & 0xff
   \   000078   F0           MOVX    @DPTR,A
   \   000079   A3           INC     DPTR
   \   00007A   74..         MOV     A,#(GenericApp_SimpleCtrlDesc >> 8) & 0xff
   \   00007C   F0           MOVX    @DPTR,A
    262            GenericApp_ctrlEpDesc.latencyReq = noLatencyReqs;
   \   00007D   A3           INC     DPTR
   \   00007E   E4           CLR     A
   \   00007F   F0           MOVX    @DPTR,A
    263          
    264            afRegister( & GenericApp_ctrlEpDesc );
   \   000080                ; Setup parameters for call to function afRegister
   \   000080   7A..         MOV     R2,#GenericApp_ctrlEpDesc & 0xff
   \   000082   7B..         MOV     R3,#(GenericApp_ctrlEpDesc >> 8) & 0xff
   \   000084   12....       LCALL   ??afRegister?relay   ; Banked call to: afRegister
    265          #endif
    266            
    267          
    268          #if defined( IAR_ARMCM3_LM )
    269            // Register this task with RTOS task initiator
    270            RTOS_RegisterApp( task_id, GENERICAPP_RTOS_MSG_EVT );
    271          #endif
    272          }
   \   000087   7F01         MOV     R7,#0x1
   \   000089   02....       LJMP    ?BANKED_LEAVE_XDATA

   \                                 In  segment BANKED_CODE, align 1, keep-with-next
   \                     ?Subroutine1:
   \   000000   F0           MOVX    @DPTR,A
   \   000001   A3           INC     DPTR
   \   000002   74..         MOV     A,#GenericApp_TaskID & 0xff
   \   000004   F0           MOVX    @DPTR,A
   \   000005   A3           INC     DPTR
   \   000006   74..         MOV     A,#(GenericApp_TaskID >> 8) & 0xff
   \   000008   F0           MOVX    @DPTR,A
   \   000009   A3           INC     DPTR
   \   00000A   22           RET
    273          
    274          /*********************************************************************
    275           * @fn      GenericApp_ProcessEvent
    276           *
    277           * @brief   Generic Application Task event processor.  This function
    278           *          is called to process all events for the task.  Events
    279           *          include timers, messages and any other user defined events.
    280           *
    281           * @param   task_id  - The OSAL assigned task ID.
    282           * @param   events - events to process.  This is a bit map and can
    283           *                   contain more than one event.
    284           *
    285           * @return  none
    286           */

   \                                 In  segment BANKED_CODE, align 1, keep-with-next
    287          uint16 GenericApp_ProcessEvent( uint8 task_id, uint16 events )
   \                     GenericApp_ProcessEvent:
    288          {
   \   000000                REQUIRE ?V0
   \   000000                REQUIRE ?V1
   \   000000                REQUIRE ?V2
   \   000000                REQUIRE ?V3
   \   000000                REQUIRE ?V4
   \   000000                REQUIRE ?V5
   \   000000   74F2         MOV     A,#-0xe
   \   000002   12....       LCALL   ?BANKED_ENTER_XDATA
   \   000005                ; Saved register size: 14
   \   000005                ; Auto size: 12
   \   000005   74F4         MOV     A,#-0xc
   \   000007   12....       LCALL   ?ALLOC_XSTACK8
   \   00000A   8A..         MOV     ?V2,R2
   \   00000C   8B..         MOV     ?V3,R3
    289            afIncomingMSGPacket_t *MSGpkt;
    290            afDataConfirm_t *afDataConfirm;
    291          
    292            // Data Confirmation message fields
    293            byte sentEP;
    294            ZStatus_t sentStatus;
    295            byte sentTransID;       // This should match the value sent
    296            (void)task_id;  // Intentionally unreferenced parameter
    297          
    298            if ( events & SYS_EVENT_MSG )
   \   00000E   EB           MOV     A,R3
   \   00000F   5480         ANL     A,#0x80
   \   000011   7003         JNZ     $+5
   \   000013   02....       LJMP    ??GenericApp_ProcessEvent_0 & 0xFFFF
    299            {
    300              MSGpkt = (afIncomingMSGPacket_t *)osal_msg_receive( GenericApp_TaskID );
   \   000016                ; Setup parameters for call to function osal_msg_receive
   \   000016   802F         SJMP    ??GenericApp_ProcessEvent_1
    301              while ( MSGpkt )
    302              {
    303                switch ( MSGpkt->hdr.event )
    304                {
    305                  case ZDO_CB_MSG:
    306                    GenericApp_ProcessZDOMsgs( (zdoIncomingMsg_t *)MSGpkt );
    307                    break;
    308          
    309                  case KEY_CHANGE:
    310                    GenericApp_HandleKeys( ((keyChange_t *)MSGpkt)->state, ((keyChange_t *)MSGpkt)->keys );
    311                    break;
    312          
    313                  case AF_DATA_CONFIRM_CMD:
    314                    // This message is received as a confirmation of a data packet sent.
    315                    // The status is of ZStatus_t type [defined in ZComDef.h]
    316                    // The message fields are defined in AF.h
    317                    afDataConfirm = (afDataConfirm_t *)MSGpkt;
    318                    sentEP = afDataConfirm->endpoint;
    319                    sentStatus = afDataConfirm->hdr.status;
    320                    sentTransID = afDataConfirm->transID;
    321                    (void)sentEP;
    322                    (void)sentTransID;
    323          
    324                    // Action taken when confirmation is received.
    325                    if ( sentStatus != ZSuccess )
    326                    {
    327                      // The data wasn't delivered -- Do something
    328                    }
    329                    break;
    330          
    331                  case AF_INCOMING_MSG_CMD:
    332                    GenericApp_MessageMSGCB( MSGpkt );
    333                    break;
    334          
    335                  case ZDO_STATE_CHANGE:
    336                    GenericApp_NwkState = (devStates_t)(MSGpkt->hdr.status);
   \                     ??GenericApp_ProcessEvent_2:
   \   000018   A3           INC     DPTR
   \   000019   E0           MOVX    A,@DPTR
   \   00001A   90....       MOV     DPTR,#GenericApp_NwkState
   \   00001D   F0           MOVX    @DPTR,A
    337                    if ( (GenericApp_NwkState == DEV_ZB_COORD)
    338                        || (GenericApp_NwkState == DEV_ROUTER)
    339                        || (GenericApp_NwkState == DEV_END_DEVICE) )
   \   00001E   6409         XRL     A,#0x9
   \   000020   600A         JZ      ??GenericApp_ProcessEvent_3
   \   000022   E0           MOVX    A,@DPTR
   \   000023   6407         XRL     A,#0x7
   \   000025   6005         JZ      ??GenericApp_ProcessEvent_3
   \   000027   E0           MOVX    A,@DPTR
   \   000028   6406         XRL     A,#0x6
   \   00002A   7014         JNZ     ??GenericApp_ProcessEvent_4
    340                    {
    341                      // Start sending "the" message in a regular interval.
    342                      osal_start_timerEx( GenericApp_TaskID,
    343                                          GENERICAPP_SEND_MSG_EVT,
    344                                          SendMsgTimeout);
   \                     ??GenericApp_ProcessEvent_3:
   \   00002C                ; Setup parameters for call to function osal_start_timerEx
   \   00002C   90....       MOV     DPTR,#SendMsgTimeout
   \   00002F   E0           MOVX    A,@DPTR
   \   000030   FC           MOV     R4,A
   \   000031   A3           INC     DPTR
   \   000032   E0           MOVX    A,@DPTR
   \   000033   FD           MOV     R5,A
   \   000034   7A01         MOV     R2,#0x1
   \   000036   7B00         MOV     R3,#0x0
   \   000038   90....       MOV     DPTR,#GenericApp_TaskID
   \   00003B   E0           MOVX    A,@DPTR
   \   00003C   F9           MOV     R1,A
   \   00003D   12....       LCALL   ??osal_start_timerEx?relay; Banked call to: osal_start_timerEx
    345                    }
    346                    break;
    347          
    348                  default:
    349                    break;
    350                }
    351          
    352                // Release the memory
    353                osal_msg_deallocate( (uint8 *)MSGpkt );
   \                     ??GenericApp_ProcessEvent_4:
   \   000040                ; Setup parameters for call to function osal_msg_deallocate
   \   000040   EE           MOV     A,R6
   \   000041   FA           MOV     R2,A
   \   000042   EF           MOV     A,R7
   \   000043   FB           MOV     R3,A
   \   000044   12....       LCALL   ??osal_msg_deallocate?relay; Banked call to: osal_msg_deallocate
    354          
    355                // Next
    356                MSGpkt = (afIncomingMSGPacket_t *)osal_msg_receive( GenericApp_TaskID );
   \   000047                ; Setup parameters for call to function osal_msg_receive
   \                     ??GenericApp_ProcessEvent_1:
   \   000047   90....       MOV     DPTR,#GenericApp_TaskID
   \   00004A   E0           MOVX    A,@DPTR
   \   00004B   F9           MOV     R1,A
   \   00004C   12....       LCALL   ??osal_msg_receive?relay; Banked call to: osal_msg_receive
   \   00004F   8A..         MOV     ?V0,R2
   \   000051   8B..         MOV     ?V1,R3
   \   000053   AE..         MOV     R6,?V0
   \   000055   AF..         MOV     R7,?V1
   \   000057   EE           MOV     A,R6
   \   000058   4F           ORL     A,R7
   \   000059   7003         JNZ     $+5
   \   00005B   02....       LJMP    ??GenericApp_ProcessEvent_5 & 0xFFFF
   \   00005E   8E82         MOV     DPL,R6
   \   000060   8F83         MOV     DPH,R7
   \   000062   E0           MOVX    A,@DPTR
   \   000063   24E6         ADD     A,#-0x1a
   \   000065   7003         JNZ     $+5
   \   000067   02....       LJMP    ??GenericApp_ProcessEvent_6 & 0xFFFF
   \   00006A   245A         ADD     A,#0x5a
   \   00006C   7003         JNZ     $+5
   \   00006E   02....       LJMP    ??GenericApp_ProcessEvent_7 & 0xFFFF
   \   000071   24EF         ADD     A,#-0x11
   \   000073   60A3         JZ      ??GenericApp_ProcessEvent_2
   \   000075   24FE         ADD     A,#-0x2
   \   000077   70C7         JNZ     ??GenericApp_ProcessEvent_4
   \   000079   EE           MOV     A,R6
   \   00007A   240C         ADD     A,#0xc
   \   00007C   F582         MOV     DPL,A
   \   00007E   E4           CLR     A
   \   00007F   3F           ADDC    A,R7
   \   000080   F583         MOV     DPH,A
   \   000082   E0           MOVX    A,@DPTR
   \   000083   F5..         MOV     ?V0,A
   \   000085   A3           INC     DPTR
   \   000086   E0           MOVX    A,@DPTR
   \   000087   F5..         MOV     ?V1,A
   \   000089   78..         MOV     R0,#?V0
   \   00008B   12....       LCALL   ?US_SWITCH_SPARSE
   \                     `?<Jumptable for GenericApp_ProcessEvent>_0`:
   \   00008E   0000         DW        0
   \   000090   0200         DW        2
   \   000092   0680         DW        32774
   \   000094   ....         DW        ??GenericApp_ProcessEvent_8
   \   000096   2080         DW        32800
   \   000098   ....         DW        ??GenericApp_ProcessEvent_9
   \   00009A   ....         DW        ??GenericApp_ProcessEvent_4
   \                     ??GenericApp_ProcessEvent_8:
   \   00009C                ; Setup parameters for call to function ZDO_ParseEPListRsp
   \   00009C   EE           MOV     A,R6
   \   00009D   FA           MOV     R2,A
   \   00009E   EF           MOV     A,R7
   \   00009F   FB           MOV     R3,A
   \   0000A0   12....       LCALL   ??ZDO_ParseEPListRsp?relay; Banked call to: ZDO_ParseEPListRsp
   \   0000A3   8A..         MOV     ?V0,R2
   \   0000A5   8B..         MOV     ?V1,R3
   \   0000A7   EA           MOV     A,R2
   \   0000A8   45..         ORL     A,?V1
   \   0000AA   6094         JZ      ??GenericApp_ProcessEvent_4
   \   0000AC   8A82         MOV     DPL,R2
   \   0000AE   8B83         MOV     DPH,R3
   \   0000B0   E0           MOVX    A,@DPTR
   \   0000B1   7032         JNZ     ??GenericApp_ProcessEvent_10
   \   0000B3   A3           INC     DPTR
   \   0000B4   A3           INC     DPTR
   \   0000B5   A3           INC     DPTR
   \   0000B6   E0           MOVX    A,@DPTR
   \   0000B7   602C         JZ      ??GenericApp_ProcessEvent_10
   \   0000B9   90....       MOV     DPTR,#GenericApp_DstAddr + 8
   \   0000BC   7402         MOV     A,#0x2
   \   0000BE   F0           MOVX    @DPTR,A
   \   0000BF   8A82         MOV     DPL,R2
   \   0000C1   8B83         MOV     DPH,R3
   \   0000C3   A3           INC     DPTR
   \   0000C4   E0           MOVX    A,@DPTR
   \   0000C5   F8           MOV     R0,A
   \   0000C6   A3           INC     DPTR
   \   0000C7   E0           MOVX    A,@DPTR
   \   0000C8   F9           MOV     R1,A
   \   0000C9   90....       MOV     DPTR,#GenericApp_DstAddr
   \   0000CC   E8           MOV     A,R0
   \   0000CD   F0           MOVX    @DPTR,A
   \   0000CE   A3           INC     DPTR
   \   0000CF   E9           MOV     A,R1
   \   0000D0   F0           MOVX    @DPTR,A
   \   0000D1   8A82         MOV     DPL,R2
   \   0000D3   8B83         MOV     DPH,R3
   \   0000D5   A3           INC     DPTR
   \   0000D6   A3           INC     DPTR
   \   0000D7   A3           INC     DPTR
   \   0000D8   A3           INC     DPTR
   \   0000D9   E0           MOVX    A,@DPTR
   \   0000DA   90....       MOV     DPTR,#GenericApp_DstAddr + 9
   \   0000DD   F0           MOVX    @DPTR,A
   \   0000DE                ; Setup parameters for call to function HalLedSet
   \   0000DE   7A01         MOV     R2,#0x1
   \   0000E0   7908         MOV     R1,#0x8
   \   0000E2   12....       LCALL   ??HalLedSet?relay    ; Banked call to: HalLedSet
   \                     ??GenericApp_ProcessEvent_10:
   \   0000E5                ; Setup parameters for call to function osal_mem_free
   \   0000E5   AA..         MOV     R2,?V0
   \   0000E7   AB..         MOV     R3,?V1
   \   0000E9   12....       LCALL   ??osal_mem_free?relay; Banked call to: osal_mem_free
   \   0000EC   02....       LJMP    ??GenericApp_ProcessEvent_4 & 0xFFFF
   \                     ??GenericApp_ProcessEvent_9:
   \   0000EF   EE           MOV     A,R6
   \   0000F0   2413         ADD     A,#0x13
   \   0000F2   F582         MOV     DPL,A
   \   0000F4   E4           CLR     A
   \   0000F5   3F           ADDC    A,R7
   \   0000F6   F583         MOV     DPH,A
   \   0000F8   E0           MOVX    A,@DPTR
   \   0000F9   F8           MOV     R0,A
   \   0000FA   A3           INC     DPTR
   \   0000FB   E0           MOVX    A,@DPTR
   \   0000FC   F583         MOV     DPH,A
   \   0000FE   8882         MOV     DPL,R0
   \   000100   E0           MOVX    A,@DPTR
   \   000101   700A         JNZ     ??GenericApp_ProcessEvent_11
   \   000103                ; Setup parameters for call to function HalLedSet
   \   000103   7A01         MOV     R2,#0x1
   \                     ??GenericApp_ProcessEvent_12:
   \   000105   7908         MOV     R1,#0x8
   \   000107   12....       LCALL   ??HalLedSet?relay    ; Banked call to: HalLedSet
   \   00010A   02....       LJMP    ??GenericApp_ProcessEvent_4 & 0xFFFF
   \                     ??GenericApp_ProcessEvent_11:
   \   00010D                ; Setup parameters for call to function HalLedSet
   \   00010D   7A04         MOV     R2,#0x4
   \   00010F   80F4         SJMP    ??GenericApp_ProcessEvent_12
   \                     ??GenericApp_ProcessEvent_7:
   \   000111                ; Setup parameters for call to function GenericApp_HandleKeys
   \   000111   A3           INC     DPTR
   \   000112   A3           INC     DPTR
   \   000113   A3           INC     DPTR
   \   000114   E0           MOVX    A,@DPTR
   \   000115   FA           MOV     R2,A
   \   000116   8E82         MOV     DPL,R6
   \   000118   8F83         MOV     DPH,R7
   \   00011A   A3           INC     DPTR
   \   00011B   A3           INC     DPTR
   \   00011C   E0           MOVX    A,@DPTR
   \   00011D   F9           MOV     R1,A
   \   00011E   12....       LCALL   ??GenericApp_HandleKeys?relay; Banked call to: GenericApp_HandleKeys
   \   000121   02....       LJMP    ??GenericApp_ProcessEvent_4 & 0xFFFF
   \                     ??GenericApp_ProcessEvent_6:
   \   000124   A3           INC     DPTR
   \   000125   A3           INC     DPTR
   \   000126   A3           INC     DPTR
   \   000127   A3           INC     DPTR
   \   000128   E0           MOVX    A,@DPTR
   \   000129   6401         XRL     A,#0x1
   \   00012B   7002         JNZ     ??GenericApp_ProcessEvent_13
   \   00012D   A3           INC     DPTR
   \   00012E   E0           MOVX    A,@DPTR
   \                     ??GenericApp_ProcessEvent_13:
   \   00012F   6003         JZ      $+5
   \   000131   02....       LJMP    ??GenericApp_ProcessEvent_4 & 0xFFFF
   \   000134                ; Setup parameters for call to function HalLcdWriteScreen
   \   000134   7C..         MOV     R4,#`?<Constant "rcvd">` & 0xff
   \   000136   7D..         MOV     R5,#(`?<Constant "rcvd">` >> 8) & 0xff
   \   000138   EE           MOV     A,R6
   \   000139   2422         ADD     A,#0x22
   \   00013B   F582         MOV     DPL,A
   \   00013D   E4           CLR     A
   \   00013E   3F           ADDC    A,R7
   \   00013F   F583         MOV     DPH,A
   \   000141   E0           MOVX    A,@DPTR
   \   000142   FA           MOV     R2,A
   \   000143   A3           INC     DPTR
   \   000144   E0           MOVX    A,@DPTR
   \   000145   FB           MOV     R3,A
   \   000146   12....       LCALL   ??HalLcdWriteScreen?relay; Banked call to: HalLcdWriteScreen
   \   000149   90....       MOV     DPTR,#count
   \   00014C   E0           MOVX    A,@DPTR
   \   00014D   2401         ADD     A,#0x1
   \   00014F   F0           MOVX    @DPTR,A
   \   000150   A3           INC     DPTR
   \   000151   E0           MOVX    A,@DPTR
   \   000152   3400         ADDC    A,#0x0
   \   000154   F0           MOVX    @DPTR,A
   \   000155                ; Setup parameters for call to function HalLcdWriteValue
   \   000155   75..03       MOV     ?V0,#0x3
   \   000158   78..         MOV     R0,#?V0
   \   00015A   12....       LCALL   ?PUSH_XSTACK_I_ONE
   \   00015D   790A         MOV     R1,#0xa
   \   00015F   90....       MOV     DPTR,#count
   \   000162   E0           MOVX    A,@DPTR
   \   000163   F5..         MOV     ?V0,A
   \   000165   A3           INC     DPTR
   \   000166   E0           MOVX    A,@DPTR
   \   000167   AA..         MOV     R2,?V0
   \   000169   FB           MOV     R3,A
   \   00016A   E4           CLR     A
   \   00016B   FC           MOV     R4,A
   \   00016C   FD           MOV     R5,A
   \   00016D   12....       LCALL   ??HalLcdWriteValue?relay; Banked call to: HalLcdWriteValue
   \   000170   7401         MOV     A,#0x1
   \   000172   12....       LCALL   ?DEALLOC_XSTACK8
   \   000175   02....       LJMP    ??GenericApp_ProcessEvent_4 & 0xFFFF
    357              }
    358          
    359              // return unprocessed events
    360              return (events ^ SYS_EVENT_MSG);
   \                     ??GenericApp_ProcessEvent_5:
   \   000178   AA..         MOV     R2,?V2
   \   00017A   E5..         MOV     A,?V3
   \   00017C   6480         XRL     A,#0x80
   \   00017E   FB           MOV     R3,A
   \   00017F   02....       LJMP    ??GenericApp_ProcessEvent_14 & 0xFFFF
    361            }
    362          
    363            // Send a message out - This event is generated by a timer
    364            //  (setup in GenericApp_Init()).
    365            if ( events & GENERICAPP_SEND_MSG_EVT )
   \                     ??GenericApp_ProcessEvent_0:
   \   000182   EA           MOV     A,R2
   \   000183   A2E0         MOV     C,0xE0 /* A   */.0
   \   000185   507A         JNC     ??GenericApp_ProcessEvent_15
    366            {
    367              // Send "the" message
    368              GenericApp_SendTheMessage();
   \   000187   90....       MOV     DPTR,#`?<Constant "Hello World">`
   \   00018A   AC..         MOV     R4,?XSP + 0
   \   00018C   AD..         MOV     R5,?XSP + 1
   \   00018E   740C         MOV     A,#0xc
   \   000190   12....       LCALL   ?MOVE_LONG8_XDATA_XDATA
   \   000193                ; Setup parameters for call to function AF_DataRequest
   \   000193   75..1E       MOV     ?V0,#0x1e
   \   000196   78..         MOV     R0,#?V0
   \   000198   12....       LCALL   ?PUSH_XSTACK_I_ONE
   \   00019B   75....       MOV     ?V0,#GenericApp_TransID & 0xff
   \   00019E   75....       MOV     ?V1,#(GenericApp_TransID >> 8) & 0xff
   \   0001A1   78..         MOV     R0,#?V0
   \   0001A3   12....       LCALL   ?PUSH_XSTACK_I_TWO
   \   0001A6   7403         MOV     A,#0x3
   \   0001A8   12....       LCALL   ?XSTACK_DISP100_8
   \   0001AB   88..         MOV     ?V0,R0
   \   0001AD   89..         MOV     ?V1,R1
   \   0001AF   78..         MOV     R0,#?V0
   \   0001B1   12....       LCALL   ?PUSH_XSTACK_I_TWO
   \   0001B4                ; Setup parameters for call to function osal_strlen
   \   0001B4   7405         MOV     A,#0x5
   \   0001B6   12....       LCALL   ?XSTACK_DISP101_8
   \   0001B9   12....       LCALL   ??osal_strlen?relay  ; Banked call to: osal_strlen
   \   0001BC   EA           MOV     A,R2
   \   0001BD   2401         ADD     A,#0x1
   \   0001BF   F5..         MOV     ?V0,A
   \   0001C1   E4           CLR     A
   \   0001C2   3400         ADDC    A,#0x0
   \   0001C4   F5..         MOV     ?V1,A
   \   0001C6   78..         MOV     R0,#?V0
   \   0001C8   12....       LCALL   ?PUSH_XSTACK_I_TWO
   \   0001CB   75..01       MOV     ?V0,#0x1
   \   0001CE   75..00       MOV     ?V1,#0x0
   \   0001D1   78..         MOV     R0,#?V0
   \   0001D3   12....       LCALL   ?PUSH_XSTACK_I_TWO
   \   0001D6   7930         MOV     R1,#0x30
   \   0001D8   7C..         MOV     R4,#GenericApp_epDesc & 0xff
   \   0001DA   7D..         MOV     R5,#(GenericApp_epDesc >> 8) & 0xff
   \   0001DC   7A..         MOV     R2,#GenericApp_DstAddr & 0xff
   \   0001DE   7B..         MOV     R3,#(GenericApp_DstAddr >> 8) & 0xff
   \   0001E0   12....       LCALL   ??AF_DataRequest?relay; Banked call to: AF_DataRequest
   \   0001E3   7409         MOV     A,#0x9
   \   0001E5   12....       LCALL   ?DEALLOC_XSTACK8
    369          
    370              // Setup to send message again
    371              osal_start_timerEx( GenericApp_TaskID,
    372                                  GENERICAPP_SEND_MSG_EVT,
    373                                  GENERICAPP_SEND_MSG_TIMEOUT );
   \   0001E8                ; Setup parameters for call to function osal_start_timerEx
   \   0001E8   7C88         MOV     R4,#-0x78
   \   0001EA   7D13         MOV     R5,#0x13
   \   0001EC   7A01         MOV     R2,#0x1
   \   0001EE   7B00         MOV     R3,#0x0
   \   0001F0   90....       MOV     DPTR,#GenericApp_TaskID
   \   0001F3   E0           MOVX    A,@DPTR
   \   0001F4   F9           MOV     R1,A
   \   0001F5   12....       LCALL   ??osal_start_timerEx?relay; Banked call to: osal_start_timerEx
    374          
    375              // return unprocessed events
    376              return (events ^ GENERICAPP_SEND_MSG_EVT);
   \   0001F8   E5..         MOV     A,?V2
   \   0001FA   6401         XRL     A,#0x1
   \   0001FC   FA           MOV     R2,A
   \   0001FD   AB..         MOV     R3,?V3
   \   0001FF   8004         SJMP    ??GenericApp_ProcessEvent_14
    377            }
    378          
    379            
    380          #if defined( IAR_ARMCM3_LM )
    381            // Receive a message from the RTOS queue
    382            if ( events & GENERICAPP_RTOS_MSG_EVT )
    383            {
    384              // Process message from RTOS queue
    385              GenericApp_ProcessRtosMessage();
    386          
    387              // return unprocessed events
    388              return (events ^ GENERICAPP_RTOS_MSG_EVT);
    389            }
    390          #endif
    391          
    392            // Discard unknown events
    393            return 0;
   \                     ??GenericApp_ProcessEvent_15:
   \   000201   7A00         MOV     R2,#0x0
   \   000203   7B00         MOV     R3,#0x0
   \                     ??GenericApp_ProcessEvent_14:
   \   000205   740C         MOV     A,#0xc
   \   000207   12....       LCALL   ?DEALLOC_XSTACK8
   \   00020A   7F06         MOV     R7,#0x6
   \   00020C   02....       LJMP    ?BANKED_LEAVE_XDATA
    394          }
    395          
    396          /*********************************************************************
    397           * Event Generation Functions
    398           */
    399          
    400          /*********************************************************************
    401           * @fn      GenericApp_ProcessZDOMsgs()
    402           *
    403           * @brief   Process response messages
    404           *
    405           * @param   none
    406           *
    407           * @return  none
    408           */
    409          static void GenericApp_ProcessZDOMsgs( zdoIncomingMsg_t *inMsg )
    410          {
    411            switch ( inMsg->clusterID )
    412            {
    413              case End_Device_Bind_rsp:
    414                if ( ZDO_ParseBindRsp( inMsg ) == ZSuccess )
    415                {
    416                  // Light LED
    417                  HalLedSet( HAL_LED_4, HAL_LED_MODE_ON );
    418                }
    419          #if defined( BLINK_LEDS )
    420                else
    421                {
    422                  // Flash LED to show failure
    423                  HalLedSet ( HAL_LED_4, HAL_LED_MODE_FLASH );
    424                }
    425          #endif
    426                break;
    427          
    428              case Match_Desc_rsp:
    429                {
    430                  ZDO_ActiveEndpointRsp_t *pRsp = ZDO_ParseEPListRsp( inMsg );
    431                  if ( pRsp )
    432                  {
    433                    if ( pRsp->status == ZSuccess && pRsp->cnt )
    434                    {
    435                      GenericApp_DstAddr.addrMode = (afAddrMode_t)Addr16Bit;
    436                      GenericApp_DstAddr.addr.shortAddr = pRsp->nwkAddr;
    437                      // Take the first endpoint, Can be changed to search through endpoints
    438                      GenericApp_DstAddr.endPoint = pRsp->epList[0];
    439          
    440                      // Light LED
    441                      HalLedSet( HAL_LED_4, HAL_LED_MODE_ON );
    442                    }
    443                    osal_mem_free( pRsp );
    444                  }
    445                }
    446                break;
    447            }
    448          }
    449          
    450          /*********************************************************************
    451           * @fn      GenericApp_HandleKeys
    452           *
    453           * @brief   Handles all key events for this device.
    454           *
    455           * @param   shift - true if in shift/alt.
    456           * @param   keys - bit field for key events. Valid entries:
    457           *                 HAL_KEY_SW_4
    458           *                 HAL_KEY_SW_3
    459           *                 HAL_KEY_SW_2
    460           *                 HAL_KEY_SW_1
    461           *
    462           * @return  none
    463           */

   \                                 In  segment BANKED_CODE, align 1, keep-with-next
    464          static void GenericApp_HandleKeys( uint8 shift, uint8 keys )
   \                     GenericApp_HandleKeys:
    465          {
   \   000000                REQUIRE ?V0
   \   000000                REQUIRE ?V1
   \   000000                REQUIRE ?V2
   \   000000   74F5         MOV     A,#-0xb
   \   000002   12....       LCALL   ?BANKED_ENTER_XDATA
   \   000005                ; Saved register size: 11
   \   000005                ; Auto size: 9
   \   000005   74F7         MOV     A,#-0x9
   \   000007   12....       LCALL   ?ALLOC_XSTACK8
   \   00000A   E9           MOV     A,R1
   \   00000B   FF           MOV     R7,A
   \   00000C   EA           MOV     A,R2
   \   00000D   FE           MOV     R6,A
    466            zAddrType_t dstAddr;
    467          
    468            // Shift is used to make each button/switch dual purpose.
    469            if ( shift )
   \   00000E   EF           MOV     A,R7
   \   00000F   6003         JZ      $+5
   \   000011   02....       LJMP    ??GenericApp_HandleKeys_0 & 0xFFFF
    470            {
    471              if ( keys & HAL_KEY_SW_1 )
    472              {
    473              }
    474              if ( keys & HAL_KEY_SW_2 )
    475              {
    476              }
    477              if ( keys & HAL_KEY_SW_3 )
    478              {
    479              }
    480              if ( keys & HAL_KEY_SW_4 )
    481              {
    482              }
    483            }
    484            else
    485            {
    486              if ( keys & HAL_KEY_SW_1 )
   \   000014   EE           MOV     A,R6
   \   000015   A2E0         MOV     C,0xE0 /* A   */.0
   \   000017   505F         JNC     ??GenericApp_HandleKeys_1
    487              {
    488                #if !defined(COORDINATOR)
    489            HalLedSet ( HAL_LED_4, HAL_LED_MODE_OFF );
   \   000019                ; Setup parameters for call to function HalLedSet
   \   000019   7A00         MOV     R2,#0x0
   \   00001B   7908         MOV     R1,#0x8
   \   00001D   12....       LCALL   ??HalLedSet?relay    ; Banked call to: HalLedSet
    490          
    491            dstAddr.addrMode = Addr16Bit;
   \   000020   7408         MOV     A,#0x8
   \   000022   12....       LCALL   ?XSTACK_DISP0_8
   \   000025   12....       LCALL   ?Subroutine0 & 0xFFFF
    492            dstAddr.addr.shortAddr = 0x0000; // Coordinator
    493            ZDP_EndDeviceBindReq( &dstAddr, NLME_GetShortAddr(),
    494                                      GenericApp_ctrlEpDesc.endPoint,
    495                                      GENERICAPP_PROFID,
    496                                      GENERICAPP_MAX_CTRL_CLUSTERS, (cId_t *)GenericApp_ClusterCtrlList,
    497                                      GENERICAPP_MAX_CTRL_CLUSTERS, (cId_t *)GenericApp_ClusterCtrlList,
    498                                      FALSE );
   \                     ??CrossCallReturnLabel_0:
   \   000028                ; Setup parameters for call to function NLME_GetShortAddr
   \   000028   12....       LCALL   ??NLME_GetShortAddr?relay; Banked call to: NLME_GetShortAddr
   \   00002B   8A..         MOV     ?V0,R2
   \   00002D   8B..         MOV     ?V1,R3
   \   00002F   AC..         MOV     R4,?V0
   \   000031   AD..         MOV     R5,?V1
   \   000033   75....       MOV     ?V0,#GenericApp_ClusterCtrlList & 0xff
   \   000036   75....       MOV     ?V1,#(GenericApp_ClusterCtrlList >> 8) & 0xff
   \   000039                ; Setup parameters for call to function ZDP_EndDeviceBindReq
   \   000039   75..00       MOV     ?V2,#0x0
   \   00003C   78..         MOV     R0,#?V2
   \   00003E   12....       LCALL   ?PUSH_XSTACK_I_ONE
   \   000041   78..         MOV     R0,#?V0
   \   000043   12....       LCALL   ?PUSH_XSTACK_I_TWO
   \   000046   75..01       MOV     ?V2,#0x1
   \   000049   78..         MOV     R0,#?V2
   \   00004B   12....       LCALL   ?PUSH_XSTACK_I_ONE
   \   00004E   78..         MOV     R0,#?V0
   \   000050   12....       LCALL   ?PUSH_XSTACK_I_TWO
   \   000053   75..01       MOV     ?V0,#0x1
   \   000056   78..         MOV     R0,#?V0
   \   000058   12....       LCALL   ?PUSH_XSTACK_I_ONE
   \   00005B   75..04       MOV     ?V0,#0x4
   \   00005E   75..0F       MOV     ?V1,#0xf
   \   000061   78..         MOV     R0,#?V0
   \   000063   12....       LCALL   ?PUSH_XSTACK_I_TWO
   \   000066   90....       MOV     DPTR,#GenericApp_ctrlEpDesc
   \   000069   E0           MOVX    A,@DPTR
   \   00006A   F9           MOV     R1,A
   \   00006B   7409         MOV     A,#0x9
   \   00006D   12....       LCALL   ?XSTACK_DISP101_8
   \   000070   12....       LCALL   ??ZDP_EndDeviceBindReq?relay; Banked call to: ZDP_EndDeviceBindReq
   \   000073   7409         MOV     A,#0x9
   \   000075   12....       LCALL   ?DEALLOC_XSTACK8
    499          
    500            #endif
    501              }
    502          
    503              if ( keys & HAL_KEY_SW_2 )
   \                     ??GenericApp_HandleKeys_1:
   \   000078   EE           MOV     A,R6
   \   000079   A2E1         MOV     C,0xE0 /* A   */.1
   \   00007B   505F         JNC     ??GenericApp_HandleKeys_2
    504              {
    505                HalLedSet ( HAL_LED_4, HAL_LED_MODE_OFF );
   \   00007D                ; Setup parameters for call to function HalLedSet
   \   00007D   7A00         MOV     R2,#0x0
   \   00007F   7908         MOV     R1,#0x8
   \   000081   12....       LCALL   ??HalLedSet?relay    ; Banked call to: HalLedSet
    506          
    507                // Initiate an End Device Bind Request for the mandatory endpoint
    508                dstAddr.addrMode = Addr16Bit;
   \   000084   7408         MOV     A,#0x8
   \   000086   12....       LCALL   ?XSTACK_DISP0_8
   \   000089   12....       LCALL   ?Subroutine0 & 0xFFFF
    509                dstAddr.addr.shortAddr = 0x0000; // Coordinator
    510                ZDP_EndDeviceBindReq( &dstAddr, NLME_GetShortAddr(),
    511                                      GenericApp_epDesc.endPoint,
    512                                      GENERICAPP_PROFID,
    513                                      GENERICAPP_MAX_CLUSTERS, (cId_t *)GenericApp_ClusterList,
    514                                      GENERICAPP_MAX_CLUSTERS, (cId_t *)GenericApp_ClusterList,
    515                                      FALSE );
   \                     ??CrossCallReturnLabel_1:
   \   00008C                ; Setup parameters for call to function NLME_GetShortAddr
   \   00008C   12....       LCALL   ??NLME_GetShortAddr?relay; Banked call to: NLME_GetShortAddr
   \   00008F   8A..         MOV     ?V0,R2
   \   000091   8B..         MOV     ?V1,R3
   \   000093   AC..         MOV     R4,?V0
   \   000095   AD..         MOV     R5,?V1
   \   000097   75....       MOV     ?V0,#GenericApp_ClusterList & 0xff
   \   00009A   75....       MOV     ?V1,#(GenericApp_ClusterList >> 8) & 0xff
   \   00009D                ; Setup parameters for call to function ZDP_EndDeviceBindReq
   \   00009D   75..00       MOV     ?V2,#0x0
   \   0000A0   78..         MOV     R0,#?V2
   \   0000A2   12....       LCALL   ?PUSH_XSTACK_I_ONE
   \   0000A5   78..         MOV     R0,#?V0
   \   0000A7   12....       LCALL   ?PUSH_XSTACK_I_TWO
   \   0000AA   75..01       MOV     ?V2,#0x1
   \   0000AD   78..         MOV     R0,#?V2
   \   0000AF   12....       LCALL   ?PUSH_XSTACK_I_ONE
   \   0000B2   78..         MOV     R0,#?V0
   \   0000B4   12....       LCALL   ?PUSH_XSTACK_I_TWO
   \   0000B7   75..01       MOV     ?V0,#0x1
   \   0000BA   78..         MOV     R0,#?V0
   \   0000BC   12....       LCALL   ?PUSH_XSTACK_I_ONE
   \   0000BF   75..04       MOV     ?V0,#0x4
   \   0000C2   75..0F       MOV     ?V1,#0xf
   \   0000C5   78..         MOV     R0,#?V0
   \   0000C7   12....       LCALL   ?PUSH_XSTACK_I_TWO
   \   0000CA   90....       MOV     DPTR,#GenericApp_epDesc
   \   0000CD   E0           MOVX    A,@DPTR
   \   0000CE   F9           MOV     R1,A
   \   0000CF   7409         MOV     A,#0x9
   \   0000D1   12....       LCALL   ?XSTACK_DISP101_8
   \   0000D4   12....       LCALL   ??ZDP_EndDeviceBindReq?relay; Banked call to: ZDP_EndDeviceBindReq
   \   0000D7   7409         MOV     A,#0x9
   \   0000D9   12....       LCALL   ?DEALLOC_XSTACK8
    516              }
    517          
    518              if ( keys & HAL_KEY_SW_3 )
    519              {
    520              }
    521          
    522              if ( keys & HAL_KEY_SW_4 )
   \                     ??GenericApp_HandleKeys_2:
   \   0000DC   EE           MOV     A,R6
   \   0000DD   A2E3         MOV     C,0xE0 /* A   */.3
   \   0000DF   5058         JNC     ??GenericApp_HandleKeys_0
    523              {
    524                HalLedSet ( HAL_LED_4, HAL_LED_MODE_OFF );
   \   0000E1                ; Setup parameters for call to function HalLedSet
   \   0000E1   7A00         MOV     R2,#0x0
   \   0000E3   7908         MOV     R1,#0x8
   \   0000E5   12....       LCALL   ??HalLedSet?relay    ; Banked call to: HalLedSet
    525                // Initiate a Match Description Request (Service Discovery)
    526                dstAddr.addrMode = AddrBroadcast;
   \   0000E8   7408         MOV     A,#0x8
   \   0000EA   12....       LCALL   ?XSTACK_DISP0_8
   \   0000ED   740F         MOV     A,#0xf
   \   0000EF   F0           MOVX    @DPTR,A
    527                dstAddr.addr.shortAddr = NWK_BROADCAST_SHORTADDR;
   \   0000F0   85..82       MOV     DPL,?XSP + 0
   \   0000F3   85..83       MOV     DPH,?XSP + 1
   \   0000F6   74FF         MOV     A,#-0x1
   \   0000F8   F0           MOVX    @DPTR,A
   \   0000F9   A3           INC     DPTR
   \   0000FA   F0           MOVX    @DPTR,A
    528                ZDP_MatchDescReq( &dstAddr, NWK_BROADCAST_SHORTADDR,
    529                                  GENERICAPP_PROFID,
    530                                  GENERICAPP_MAX_CLUSTERS, (cId_t *)GenericApp_ClusterList,
    531                                  GENERICAPP_MAX_CLUSTERS, (cId_t *)GenericApp_ClusterList,
    532                                  FALSE );
   \   0000FB   75....       MOV     ?V0,#GenericApp_ClusterList & 0xff
   \   0000FE   75....       MOV     ?V1,#(GenericApp_ClusterList >> 8) & 0xff
   \   000101                ; Setup parameters for call to function ZDP_MatchDescReq
   \   000101   75..00       MOV     ?V2,#0x0
   \   000104   78..         MOV     R0,#?V2
   \   000106   12....       LCALL   ?PUSH_XSTACK_I_ONE
   \   000109   78..         MOV     R0,#?V0
   \   00010B   12....       LCALL   ?PUSH_XSTACK_I_TWO
   \   00010E   75..01       MOV     ?V2,#0x1
   \   000111   78..         MOV     R0,#?V2
   \   000113   12....       LCALL   ?PUSH_XSTACK_I_ONE
   \   000116   78..         MOV     R0,#?V0
   \   000118   12....       LCALL   ?PUSH_XSTACK_I_TWO
   \   00011B   75..04       MOV     ?V0,#0x4
   \   00011E   75..0F       MOV     ?V1,#0xf
   \   000121   78..         MOV     R0,#?V0
   \   000123   12....       LCALL   ?PUSH_XSTACK_I_TWO
   \   000126   7901         MOV     R1,#0x1
   \   000128   7CFF         MOV     R4,#-0x1
   \   00012A   7DFF         MOV     R5,#-0x1
   \   00012C   7408         MOV     A,#0x8
   \   00012E   12....       LCALL   ?XSTACK_DISP101_8
   \   000131   12....       LCALL   ??ZDP_MatchDescReq?relay; Banked call to: ZDP_MatchDescReq
   \   000134   7408         MOV     A,#0x8
   \   000136   12....       LCALL   ?DEALLOC_XSTACK8
    533              }
    534            }
    535          }
   \                     ??GenericApp_HandleKeys_0:
   \   000139   7409         MOV     A,#0x9
   \   00013B   12....       LCALL   ?DEALLOC_XSTACK8
   \   00013E   7F03         MOV     R7,#0x3
   \   000140   02....       LJMP    ?BANKED_LEAVE_XDATA

   \                                 In  segment BANKED_CODE, align 1, keep-with-next
   \                     ?Subroutine0:
   \   000000   7402         MOV     A,#0x2
   \   000002   F0           MOVX    @DPTR,A
   \   000003   85..82       MOV     DPL,?XSP + 0
   \   000006   85..83       MOV     DPH,?XSP + 1
   \   000009   E4           CLR     A
   \   00000A   F0           MOVX    @DPTR,A
   \   00000B   A3           INC     DPTR
   \   00000C   F0           MOVX    @DPTR,A
   \   00000D   22           RET

   \                                 In  segment BANK_RELAYS, align 1
   \                     ??GenericApp_Init?relay:
   \   000000   12....       LCALL   ?BDISPATCH
   \   000003   ......       DC24    GenericApp_Init

   \                                 In  segment BANK_RELAYS, align 1
   \                     ??GenericApp_ProcessEvent?relay:
   \   000000   12....       LCALL   ?BDISPATCH
   \   000003   ......       DC24    GenericApp_ProcessEvent

   \                                 In  segment BANK_RELAYS, align 1
   \                     ??GenericApp_HandleKeys?relay:
   \   000000   12....       LCALL   ?BDISPATCH
   \   000003   ......       DC24    GenericApp_HandleKeys

   \                                 In  segment XDATA_ROM_C, align 1
   \                     `?<Constant "GenericApp">`:
   \   000000   47656E65     DB "GenericApp"
   \            72696341
   \            707000  

   \                                 In  segment XDATA_ROM_C, align 1
   \                     `?<Constant "rcvd">`:
   \   000000   72637664     DB "rcvd"
   \            00      

   \                                 In  segment XDATA_ROM_C, align 1
   \                     `?<Constant "Hello World">`:
   \   000000   48656C6C     DB "Hello World"
   \            6F20576F
   \            726C6400
    536          
    537          /*********************************************************************
    538           * LOCAL FUNCTIONS
    539           */
    540          
    541          /*********************************************************************
    542           * @fn      GenericApp_MessageMSGCB
    543           *
    544           * @brief   Data message processor callback.  This function processes
    545           *          any incoming data - probably from other devices.  So, based
    546           *          on cluster ID, perform the intended action.
    547           *
    548           * @param   none
    549           *
    550           * @return  none
    551           */
    552          static void GenericApp_MessageMSGCB( afIncomingMSGPacket_t *pkt )
    553          {
    554            switch ( pkt->clusterId )
    555            {
    556              case GENERICAPP_CLUSTERID:
    557                // "the" message
    558          #if defined( LCD_SUPPORTED )
    559                HalLcdWriteScreen( (char*)pkt->cmd.Data, "rcvd" );
    560                count++;
    561                HalLcdWriteValue(count, 10, HAL_LCD_LINE_3);
    562          #elif defined( WIN32 )
    563                WPRINTSTR( pkt->cmd.Data );
    564          #endif
    565                break;
    566            }
    567          }
    568          
    569          /*********************************************************************
    570           * @fn      GenericApp_SendTheMessage
    571           *
    572           * @brief   Send "the" message.
    573           *
    574           * @param   none
    575           *
    576           * @return  none
    577           */
    578          static void GenericApp_SendTheMessage( void )
    579          {
    580            char theMessageData[] = "Hello World";
    581          
    582            if ( AF_DataRequest( &GenericApp_DstAddr, &GenericApp_epDesc,
    583                                 GENERICAPP_CLUSTERID,
    584                                 (byte)osal_strlen( theMessageData ) + 1,
    585                                 (byte *)&theMessageData,
    586                                 &GenericApp_TransID,
    587                                 AF_ACK_REQUEST|AF_DISCV_ROUTE, AF_DEFAULT_RADIUS ) == afStatus_SUCCESS )
    588            {
    589              // Successfully requested to be sent.
    590            }
    591            else
    592            {
    593              // Error occurred in request to send.
    594            }
    595          }
    596          
    597          #if defined( IAR_ARMCM3_LM )
    598          /*********************************************************************
    599           * @fn      GenericApp_ProcessRtosMessage
    600           *
    601           * @brief   Receive message from RTOS queue, send response back.
    602           *
    603           * @param   none
    604           *
    605           * @return  none
    606           */
    607          static void GenericApp_ProcessRtosMessage( void )
    608          {
    609            osalQueue_t inMsg;
    610          
    611            if ( osal_queue_receive( OsalQueue, &inMsg, 0 ) == pdPASS )
    612            {
    613              uint8 cmndId = inMsg.cmnd;
    614              uint32 counter = osal_build_uint32( inMsg.cbuf, 4 );
    615          
    616              switch ( cmndId )
    617              {
    618                case CMD_INCR:
    619                  counter += 1;  /* Increment the incoming counter */
    620                                 /* Intentionally fall through next case */
    621          
    622                case CMD_ECHO:
    623                {
    624                  userQueue_t outMsg;
    625          
    626                  outMsg.resp = RSP_CODE | cmndId;  /* Response ID */
    627                  osal_buffer_uint32( outMsg.rbuf, counter );    /* Increment counter */
    628                  osal_queue_send( UserQueue1, &outMsg, 0 );  /* Send back to UserTask */
    629                  break;
    630                }
    631                
    632                default:
    633                  break;  /* Ignore unknown command */    
    634              }
    635            }
    636          }
    637          #endif
    638          
    639          /*********************************************************************
    640           */

   Maximum stack usage in bytes:

   XSTACK Function
   ------ --------
     55   GenericApp_HandleKeys
       20   -> HalLedSet
       20   -> NLME_GetShortAddr
       29   -> ZDP_EndDeviceBindReq
       28   -> ZDP_MatchDescReq
      9   GenericApp_Init
        9   -> HalLcdWriteString
        9   -> RegisterForKeys
        9   -> ZDO_RegisterForZDOMsg
        9   -> afRegister
     35   GenericApp_ProcessEvent
       35   -> AF_DataRequest
       26   -> GenericApp_HandleKeys
       26   -> HalLcdWriteScreen
       27   -> HalLcdWriteValue
       26   -> HalLedSet
       26   -> ZDO_ParseEPListRsp
       26   -> osal_mem_free
       26   -> osal_msg_deallocate
       26   -> osal_msg_receive
       26   -> osal_start_timerEx
       31   -> osal_strlen


   Segment part sizes:

   Bytes  Function/Label
   -----  --------------
      11  ?<Constant "GenericApp">
      12  ?<Constant "Hello World">
       5  ?<Constant "rcvd">
       6  ??GenericApp_HandleKeys?relay
       6  ??GenericApp_Init?relay
       6  ??GenericApp_ProcessEvent?relay
      14  ?Subroutine0
      11  ?Subroutine1
       2  GenericApp_ClusterCtrlList
       2  GenericApp_ClusterList
      12  GenericApp_DstAddr
     323  GenericApp_HandleKeys
     140  GenericApp_Init
       1  GenericApp_NwkState
     527  GenericApp_ProcessEvent
      12  GenericApp_SimpleCtrlDesc
      12  GenericApp_SimpleDesc
       1  GenericApp_TaskID
       1  GenericApp_TransID
       6  GenericApp_ctrlEpDesc
       6  GenericApp_epDesc
       2  SendMsgTimeout
       2  count

 
 1 015 bytes in segment BANKED_CODE
    18 bytes in segment BANK_RELAYS
    56 bytes in segment XDATA_ROM_C
    31 bytes in segment XDATA_Z
 
 1 033 bytes of CODE  memory
    56 bytes of CONST memory
    31 bytes of XDATA memory

Errors: none
Warnings: none
